The system is: Linux - 6.1.166-197.305.amzn2023.aarch64 - aarch64
Compiling the C compiler identification source file "CMakeCCompilerId.c" succeeded.
Compiler: /usr/bin/cc 
Build flags: 
Id flags:  

The output was:
0


Compilation of the C compiler identification source "CMakeCCompilerId.c" produced "a.out"

The C compiler identification is GNU, found in "/home/ec2-user/shivansh/kaiju-harness/repos_staging/miniz/build/CMakeFiles/3.22.2/CompilerIdC/a.out"

Detecting C compiler ABI info compiled with the following output:
Change Dir: /home/ec2-user/shivansh/kaiju-harness/repos_staging/miniz/build/CMakeFiles/CMakeTmp

Run Build Command(s):/usr/bin/gmake -f Makefile cmTC_bc106/fast && /usr/bin/gmake  -f CMakeFiles/cmTC_bc106.dir/build.make CMakeFiles/cmTC_bc106.dir/build
gmake[1]: Entering directory '/home/ec2-user/shivansh/kaiju-harness/repos_staging/miniz/build/CMakeFiles/CMakeTmp'
Building C object CMakeFiles/cmTC_bc106.dir/CMakeCCompilerABI.c.o
/usr/bin/cc   -v -o CMakeFiles/cmTC_bc106.dir/CMakeCCompilerABI.c.o -c /usr/share/cmake/Modules/CMakeCCompilerABI.c
Using built-in specs.
COLLECT_GCC=/usr/bin/cc
Target: aarch64-amazon-linux
Configured with: ../configure --enable-bootstrap --enable-host-pie --enable-host-bind-now --enable-languages=c,c++,fortran,lto --prefix=/usr --mandir=/usr/share/man --infodir=/usr/share/info --with-bugurl=https://github.com/amazonlinux/amazon-linux-2022 --enable-shared --enable-threads=posix --enable-checking=release --with-system-zlib --enable-__cxa_atexit --disable-libunwind-exceptions --enable-gnu-unique-object --enable-linker-build-id --with-gcc-major-version-only --enable-plugin --enable-initfini-array --with-isl=/builddir/build/BUILD/gcc-11.5.0-20240719/obj-aarch64-amazon-linux/isl-install --enable-multilib --with-linker-hash-style=gnu --enable-gnu-indirect-function --with-tune=neoverse-n1 --with-arch=armv8.2-a+crypto --build=aarch64-amazon-linux --with-build-config=bootstrap-lto --enable-link-serialization=1
Thread model: posix
Supported LTO compression algorithms: zlib zstd
gcc version 11.5.0 20240719 (Red Hat 11.5.0-5) (GCC) 
COLLECT_GCC_OPTIONS='-v' '-o' 'CMakeFiles/cmTC_bc106.dir/CMakeCCompilerABI.c.o' '-c' '-march=armv8.2-a+crypto' '-mtune=neoverse-n1' '-mlittle-endian' '-mabi=lp64' '-dumpdir' 'CMakeFiles/cmTC_bc106.dir/'
 /usr/libexec/gcc/aarch64-amazon-linux/11/cc1 -quiet -v /usr/share/cmake/Modules/CMakeCCompilerABI.c -quiet -dumpdir CMakeFiles/cmTC_bc106.dir/ -dumpbase CMakeCCompilerABI.c.c -dumpbase-ext .c -march=armv8.2-a+crypto -mtune=neoverse-n1 -mlittle-endian -mabi=lp64 -version -o /tmp/ccScikcd.s
GNU C17 (GCC) version 11.5.0 20240719 (Red Hat 11.5.0-5) (aarch64-amazon-linux)
	compiled by GNU C version 11.5.0 20240719 (Red Hat 11.5.0-5), GMP version 6.2.1, MPFR version 4.1.0-p13, MPC version 1.2.1, isl version isl-0.18-GMP

GGC heuristics: --param ggc-min-expand=100 --param ggc-min-heapsize=131072
ignoring nonexistent directory "/usr/lib/gcc/aarch64-amazon-linux/11/include-fixed"
ignoring nonexistent directory "/usr/lib/gcc/aarch64-amazon-linux/11/../../../../aarch64-amazon-linux/include"
#include "..." search starts here:
#include <...> search starts here:
 /usr/lib/gcc/aarch64-amazon-linux/11/include
 /usr/local/include
 /usr/include
End of search list.
GNU C17 (GCC) version 11.5.0 20240719 (Red Hat 11.5.0-5) (aarch64-amazon-linux)
	compiled by GNU C version 11.5.0 20240719 (Red Hat 11.5.0-5), GMP version 6.2.1, MPFR version 4.1.0-p13, MPC version 1.2.1, isl version isl-0.18-GMP

GGC heuristics: --param ggc-min-expand=100 --param ggc-min-heapsize=131072
Compiler executable checksum: 03089fa99037e45aa11bb85246df0fb1
COLLECT_GCC_OPTIONS='-v' '-o' 'CMakeFiles/cmTC_bc106.dir/CMakeCCompilerABI.c.o' '-c' '-march=armv8.2-a+crypto' '-mtune=neoverse-n1' '-mlittle-endian' '-mabi=lp64' '-dumpdir' 'CMakeFiles/cmTC_bc106.dir/'
 as -v -EL -march=armv8.2-a+crypto -mabi=lp64 -o CMakeFiles/cmTC_bc106.dir/CMakeCCompilerABI.c.o /tmp/ccScikcd.s
GNU assembler version 2.41 (aarch64-amazon-linux) using BFD version version 2.41-50.amzn2023.0.5
COMPILER_PATH=/usr/libexec/gcc/aarch64-amazon-linux/11/:/usr/libexec/gcc/aarch64-amazon-linux/11/:/usr/libexec/gcc/aarch64-amazon-linux/:/usr/lib/gcc/aarch64-amazon-linux/11/:/usr/lib/gcc/aarch64-amazon-linux/
LIBRARY_PATH=/usr/lib/gcc/aarch64-amazon-linux/11/:/usr/lib/gcc/aarch64-amazon-linux/11/../../../../lib64/:/lib/../lib64/:/usr/lib/../lib64/:/usr/lib/gcc/aarch64-amazon-linux/11/../../../:/lib/:/usr/lib/
COLLECT_GCC_OPTIONS='-v' '-o' 'CMakeFiles/cmTC_bc106.dir/CMakeCCompilerABI.c.o' '-c' '-march=armv8.2-a+crypto' '-mtune=neoverse-n1' '-mlittle-endian' '-mabi=lp64' '-dumpdir' 'CMakeFiles/cmTC_bc106.dir/CMakeCCompilerABI.c.'
Linking C executable cmTC_bc106
/usr/bin/cmake -E cmake_link_script CMakeFiles/cmTC_bc106.dir/link.txt --verbose=1
/usr/bin/cc  -v CMakeFiles/cmTC_bc106.dir/CMakeCCompilerABI.c.o -o cmTC_bc106 
Using built-in specs.
COLLECT_GCC=/usr/bin/cc
COLLECT_LTO_WRAPPER=/usr/libexec/gcc/aarch64-amazon-linux/11/lto-wrapper
Target: aarch64-amazon-linux
Configured with: ../configure --enable-bootstrap --enable-host-pie --enable-host-bind-now --enable-languages=c,c++,fortran,lto --prefix=/usr --mandir=/usr/share/man --infodir=/usr/share/info --with-bugurl=https://github.com/amazonlinux/amazon-linux-2022 --enable-shared --enable-threads=posix --enable-checking=release --with-system-zlib --enable-__cxa_atexit --disable-libunwind-exceptions --enable-gnu-unique-object --enable-linker-build-id --with-gcc-major-version-only --enable-plugin --enable-initfini-array --with-isl=/builddir/build/BUILD/gcc-11.5.0-20240719/obj-aarch64-amazon-linux/isl-install --enable-multilib --with-linker-hash-style=gnu --enable-gnu-indirect-function --with-tune=neoverse-n1 --with-arch=armv8.2-a+crypto --build=aarch64-amazon-linux --with-build-config=bootstrap-lto --enable-link-serialization=1
Thread model: posix
Supported LTO compression algorithms: zlib zstd
gcc version 11.5.0 20240719 (Red Hat 11.5.0-5) (GCC) 
COMPILER_PATH=/usr/libexec/gcc/aarch64-amazon-linux/11/:/usr/libexec/gcc/aarch64-amazon-linux/11/:/usr/libexec/gcc/aarch64-amazon-linux/:/usr/lib/gcc/aarch64-amazon-linux/11/:/usr/lib/gcc/aarch64-amazon-linux/
LIBRARY_PATH=/usr/lib/gcc/aarch64-amazon-linux/11/:/usr/lib/gcc/aarch64-amazon-linux/11/../../../../lib64/:/lib/../lib64/:/usr/lib/../lib64/:/usr/lib/gcc/aarch64-amazon-linux/11/../../../:/lib/:/usr/lib/
COLLECT_GCC_OPTIONS='-v' '-o' 'cmTC_bc106' '-march=armv8.2-a+crypto' '-mtune=neoverse-n1' '-mlittle-endian' '-mabi=lp64' '-dumpdir' 'cmTC_bc106.'
 /usr/libexec/gcc/aarch64-amazon-linux/11/collect2 -plugin /usr/libexec/gcc/aarch64-amazon-linux/11/liblto_plugin.so -plugin-opt=/usr/libexec/gcc/aarch64-amazon-linux/11/lto-wrapper -plugin-opt=-fresolution=/tmp/ccRidzDy.res -plugin-opt=-pass-through=-lgcc -plugin-opt=-pass-through=-lgcc_s -plugin-opt=-pass-through=-lc -plugin-opt=-pass-through=-lgcc -plugin-opt=-pass-through=-lgcc_s --build-id --no-add-needed --eh-frame-hdr --hash-style=gnu -dynamic-linker /lib/ld-linux-aarch64.so.1 -X -EL -maarch64linux -o cmTC_bc106 /usr/lib/gcc/aarch64-amazon-linux/11/../../../../lib64/crt1.o /usr/lib/gcc/aarch64-amazon-linux/11/../../../../lib64/crti.o /usr/lib/gcc/aarch64-amazon-linux/11/crtbegin.o -L/usr/lib/gcc/aarch64-amazon-linux/11 -L/usr/lib/gcc/aarch64-amazon-linux/11/../../../../lib64 -L/lib/../lib64 -L/usr/lib/../lib64 -L/usr/lib/gcc/aarch64-amazon-linux/11/../../.. CMakeFiles/cmTC_bc106.dir/CMakeCCompilerABI.c.o -lgcc --push-state --as-needed -lgcc_s --pop-state -lc -lgcc --push-state --as-needed -lgcc_s --pop-state /usr/lib/gcc/aarch64-amazon-linux/11/crtend.o /usr/lib/gcc/aarch64-amazon-linux/11/../../../../lib64/crtn.o
COLLECT_GCC_OPTIONS='-v' '-o' 'cmTC_bc106' '-march=armv8.2-a+crypto' '-mtune=neoverse-n1' '-mlittle-endian' '-mabi=lp64' '-dumpdir' 'cmTC_bc106.'
gmake[1]: Leaving directory '/home/ec2-user/shivansh/kaiju-harness/repos_staging/miniz/build/CMakeFiles/CMakeTmp'



Parsed C implicit include dir info from above output: rv=done
  found start of include info
  found start of implicit include info
    add: [/usr/lib/gcc/aarch64-amazon-linux/11/include]
    add: [/usr/local/include]
    add: [/usr/include]
  end of search list found
  collapse include dir [/usr/lib/gcc/aarch64-amazon-linux/11/include] ==> [/usr/lib/gcc/aarch64-amazon-linux/11/include]
  collapse include dir [/usr/local/include] ==> [/usr/local/include]
  collapse include dir [/usr/include] ==> [/usr/include]
  implicit include dirs: [/usr/lib/gcc/aarch64-amazon-linux/11/include;/usr/local/include;/usr/include]


Parsed C implicit link information from above output:
  link line regex: [^( *|.*[/\])(ld|CMAKE_LINK_STARTFILE-NOTFOUND|([^/\]+-)?ld|collect2)[^/\]*( |$)]
  ignore line: [Change Dir: /home/ec2-user/shivansh/kaiju-harness/repos_staging/miniz/build/CMakeFiles/CMakeTmp]
  ignore line: []
  ignore line: [Run Build Command(s):/usr/bin/gmake -f Makefile cmTC_bc106/fast && /usr/bin/gmake  -f CMakeFiles/cmTC_bc106.dir/build.make CMakeFiles/cmTC_bc106.dir/build]
  ignore line: [gmake[1]: Entering directory '/home/ec2-user/shivansh/kaiju-harness/repos_staging/miniz/build/CMakeFiles/CMakeTmp']
  ignore line: [Building C object CMakeFiles/cmTC_bc106.dir/CMakeCCompilerABI.c.o]
  ignore line: [/usr/bin/cc   -v -o CMakeFiles/cmTC_bc106.dir/CMakeCCompilerABI.c.o -c /usr/share/cmake/Modules/CMakeCCompilerABI.c]
  ignore line: [Using built-in specs.]
  ignore line: [COLLECT_GCC=/usr/bin/cc]
  ignore line: [Target: aarch64-amazon-linux]
  ignore line: [Configured with: ../configure --enable-bootstrap --enable-host-pie --enable-host-bind-now --enable-languages=c c++ fortran lto --prefix=/usr --mandir=/usr/share/man --infodir=/usr/share/info --with-bugurl=https://github.com/amazonlinux/amazon-linux-2022 --enable-shared --enable-threads=posix --enable-checking=release --with-system-zlib --enable-__cxa_atexit --disable-libunwind-exceptions --enable-gnu-unique-object --enable-linker-build-id --with-gcc-major-version-only --enable-plugin --enable-initfini-array --with-isl=/builddir/build/BUILD/gcc-11.5.0-20240719/obj-aarch64-amazon-linux/isl-install --enable-multilib --with-linker-hash-style=gnu --enable-gnu-indirect-function --with-tune=neoverse-n1 --with-arch=armv8.2-a+crypto --build=aarch64-amazon-linux --with-build-config=bootstrap-lto --enable-link-serialization=1]
  ignore line: [Thread model: posix]
  ignore line: [Supported LTO compression algorithms: zlib zstd]
  ignore line: [gcc version 11.5.0 20240719 (Red Hat 11.5.0-5) (GCC) ]
  ignore line: [COLLECT_GCC_OPTIONS='-v' '-o' 'CMakeFiles/cmTC_bc106.dir/CMakeCCompilerABI.c.o' '-c' '-march=armv8.2-a+crypto' '-mtune=neoverse-n1' '-mlittle-endian' '-mabi=lp64' '-dumpdir' 'CMakeFiles/cmTC_bc106.dir/']
  ignore line: [ /usr/libexec/gcc/aarch64-amazon-linux/11/cc1 -quiet -v /usr/share/cmake/Modules/CMakeCCompilerABI.c -quiet -dumpdir CMakeFiles/cmTC_bc106.dir/ -dumpbase CMakeCCompilerABI.c.c -dumpbase-ext .c -march=armv8.2-a+crypto -mtune=neoverse-n1 -mlittle-endian -mabi=lp64 -version -o /tmp/ccScikcd.s]
  ignore line: [GNU C17 (GCC) version 11.5.0 20240719 (Red Hat 11.5.0-5) (aarch64-amazon-linux)]
  ignore line: [	compiled by GNU C version 11.5.0 20240719 (Red Hat 11.5.0-5)  GMP version 6.2.1  MPFR version 4.1.0-p13  MPC version 1.2.1  isl version isl-0.18-GMP]
  ignore line: []
  ignore line: [GGC heuristics: --param ggc-min-expand=100 --param ggc-min-heapsize=131072]
  ignore line: [ignoring nonexistent directory "/usr/lib/gcc/aarch64-amazon-linux/11/include-fixed"]
  ignore line: [ignoring nonexistent directory "/usr/lib/gcc/aarch64-amazon-linux/11/../../../../aarch64-amazon-linux/include"]
  ignore line: [#include "..." search starts here:]
  ignore line: [#include <...> search starts here:]
  ignore line: [ /usr/lib/gcc/aarch64-amazon-linux/11/include]
  ignore line: [ /usr/local/include]
  ignore line: [ /usr/include]
  ignore line: [End of search list.]
  ignore line: [GNU C17 (GCC) version 11.5.0 20240719 (Red Hat 11.5.0-5) (aarch64-amazon-linux)]
  ignore line: [	compiled by GNU C version 11.5.0 20240719 (Red Hat 11.5.0-5)  GMP version 6.2.1  MPFR version 4.1.0-p13  MPC version 1.2.1  isl version isl-0.18-GMP]
  ignore line: []
  ignore line: [GGC heuristics: --param ggc-min-expand=100 --param ggc-min-heapsize=131072]
  ignore line: [Compiler executable checksum: 03089fa99037e45aa11bb85246df0fb1]
  ignore line: [COLLECT_GCC_OPTIONS='-v' '-o' 'CMakeFiles/cmTC_bc106.dir/CMakeCCompilerABI.c.o' '-c' '-march=armv8.2-a+crypto' '-mtune=neoverse-n1' '-mlittle-endian' '-mabi=lp64' '-dumpdir' 'CMakeFiles/cmTC_bc106.dir/']
  ignore line: [ as -v -EL -march=armv8.2-a+crypto -mabi=lp64 -o CMakeFiles/cmTC_bc106.dir/CMakeCCompilerABI.c.o /tmp/ccScikcd.s]
  ignore line: [GNU assembler version 2.41 (aarch64-amazon-linux) using BFD version version 2.41-50.amzn2023.0.5]
  ignore line: [COMPILER_PATH=/usr/libexec/gcc/aarch64-amazon-linux/11/:/usr/libexec/gcc/aarch64-amazon-linux/11/:/usr/libexec/gcc/aarch64-amazon-linux/:/usr/lib/gcc/aarch64-amazon-linux/11/:/usr/lib/gcc/aarch64-amazon-linux/]
  ignore line: [LIBRARY_PATH=/usr/lib/gcc/aarch64-amazon-linux/11/:/usr/lib/gcc/aarch64-amazon-linux/11/../../../../lib64/:/lib/../lib64/:/usr/lib/../lib64/:/usr/lib/gcc/aarch64-amazon-linux/11/../../../:/lib/:/usr/lib/]
  ignore line: [COLLECT_GCC_OPTIONS='-v' '-o' 'CMakeFiles/cmTC_bc106.dir/CMakeCCompilerABI.c.o' '-c' '-march=armv8.2-a+crypto' '-mtune=neoverse-n1' '-mlittle-endian' '-mabi=lp64' '-dumpdir' 'CMakeFiles/cmTC_bc106.dir/CMakeCCompilerABI.c.']
  ignore line: [Linking C executable cmTC_bc106]
  ignore line: [/usr/bin/cmake -E cmake_link_script CMakeFiles/cmTC_bc106.dir/link.txt --verbose=1]
  ignore line: [/usr/bin/cc  -v CMakeFiles/cmTC_bc106.dir/CMakeCCompilerABI.c.o -o cmTC_bc106 ]
  ignore line: [Using built-in specs.]
  ignore line: [COLLECT_GCC=/usr/bin/cc]
  ignore line: [COLLECT_LTO_WRAPPER=/usr/libexec/gcc/aarch64-amazon-linux/11/lto-wrapper]
  ignore line: [Target: aarch64-amazon-linux]
  ignore line: [Configured with: ../configure --enable-bootstrap --enable-host-pie --enable-host-bind-now --enable-languages=c c++ fortran lto --prefix=/usr --mandir=/usr/share/man --infodir=/usr/share/info --with-bugurl=https://github.com/amazonlinux/amazon-linux-2022 --enable-shared --enable-threads=posix --enable-checking=release --with-system-zlib --enable-__cxa_atexit --disable-libunwind-exceptions --enable-gnu-unique-object --enable-linker-build-id --with-gcc-major-version-only --enable-plugin --enable-initfini-array --with-isl=/builddir/build/BUILD/gcc-11.5.0-20240719/obj-aarch64-amazon-linux/isl-install --enable-multilib --with-linker-hash-style=gnu --enable-gnu-indirect-function --with-tune=neoverse-n1 --with-arch=armv8.2-a+crypto --build=aarch64-amazon-linux --with-build-config=bootstrap-lto --enable-link-serialization=1]
  ignore line: [Thread model: posix]
  ignore line: [Supported LTO compression algorithms: zlib zstd]
  ignore line: [gcc version 11.5.0 20240719 (Red Hat 11.5.0-5) (GCC) ]
  ignore line: [COMPILER_PATH=/usr/libexec/gcc/aarch64-amazon-linux/11/:/usr/libexec/gcc/aarch64-amazon-linux/11/:/usr/libexec/gcc/aarch64-amazon-linux/:/usr/lib/gcc/aarch64-amazon-linux/11/:/usr/lib/gcc/aarch64-amazon-linux/]
  ignore line: [LIBRARY_PATH=/usr/lib/gcc/aarch64-amazon-linux/11/:/usr/lib/gcc/aarch64-amazon-linux/11/../../../../lib64/:/lib/../lib64/:/usr/lib/../lib64/:/usr/lib/gcc/aarch64-amazon-linux/11/../../../:/lib/:/usr/lib/]
  ignore line: [COLLECT_GCC_OPTIONS='-v' '-o' 'cmTC_bc106' '-march=armv8.2-a+crypto' '-mtune=neoverse-n1' '-mlittle-endian' '-mabi=lp64' '-dumpdir' 'cmTC_bc106.']
  link line: [ /usr/libexec/gcc/aarch64-amazon-linux/11/collect2 -plugin /usr/libexec/gcc/aarch64-amazon-linux/11/liblto_plugin.so -plugin-opt=/usr/libexec/gcc/aarch64-amazon-linux/11/lto-wrapper -plugin-opt=-fresolution=/tmp/ccRidzDy.res -plugin-opt=-pass-through=-lgcc -plugin-opt=-pass-through=-lgcc_s -plugin-opt=-pass-through=-lc -plugin-opt=-pass-through=-lgcc -plugin-opt=-pass-through=-lgcc_s --build-id --no-add-needed --eh-frame-hdr --hash-style=gnu -dynamic-linker /lib/ld-linux-aarch64.so.1 -X -EL -maarch64linux -o cmTC_bc106 /usr/lib/gcc/aarch64-amazon-linux/11/../../../../lib64/crt1.o /usr/lib/gcc/aarch64-amazon-linux/11/../../../../lib64/crti.o /usr/lib/gcc/aarch64-amazon-linux/11/crtbegin.o -L/usr/lib/gcc/aarch64-amazon-linux/11 -L/usr/lib/gcc/aarch64-amazon-linux/11/../../../../lib64 -L/lib/../lib64 -L/usr/lib/../lib64 -L/usr/lib/gcc/aarch64-amazon-linux/11/../../.. CMakeFiles/cmTC_bc106.dir/CMakeCCompilerABI.c.o -lgcc --push-state --as-needed -lgcc_s --pop-state -lc -lgcc --push-state --as-needed -lgcc_s --pop-state /usr/lib/gcc/aarch64-amazon-linux/11/crtend.o /usr/lib/gcc/aarch64-amazon-linux/11/../../../../lib64/crtn.o]
    arg [/usr/libexec/gcc/aarch64-amazon-linux/11/collect2] ==> ignore
    arg [-plugin] ==> ignore
    arg [/usr/libexec/gcc/aarch64-amazon-linux/11/liblto_plugin.so] ==> ignore
    arg [-plugin-opt=/usr/libexec/gcc/aarch64-amazon-linux/11/lto-wrapper] ==> ignore
    arg [-plugin-opt=-fresolution=/tmp/ccRidzDy.res] ==> ignore
    arg [-plugin-opt=-pass-through=-lgcc] ==> ignore
    arg [-plugin-opt=-pass-through=-lgcc_s] ==> ignore
    arg [-plugin-opt=-pass-through=-lc] ==> ignore
    arg [-plugin-opt=-pass-through=-lgcc] ==> ignore
    arg [-plugin-opt=-pass-through=-lgcc_s] ==> ignore
    arg [--build-id] ==> ignore
    arg [--no-add-needed] ==> ignore
    arg [--eh-frame-hdr] ==> ignore
    arg [--hash-style=gnu] ==> ignore
    arg [-dynamic-linker] ==> ignore
    arg [/lib/ld-linux-aarch64.so.1] ==> ignore
    arg [-X] ==> ignore
    arg [-EL] ==> ignore
    arg [-maarch64linux] ==> ignore
    arg [-o] ==> ignore
    arg [cmTC_bc106] ==> ignore
    arg [/usr/lib/gcc/aarch64-amazon-linux/11/../../../../lib64/crt1.o] ==> obj [/usr/lib/gcc/aarch64-amazon-linux/11/../../../../lib64/crt1.o]
    arg [/usr/lib/gcc/aarch64-amazon-linux/11/../../../../lib64/crti.o] ==> obj [/usr/lib/gcc/aarch64-amazon-linux/11/../../../../lib64/crti.o]
    arg [/usr/lib/gcc/aarch64-amazon-linux/11/crtbegin.o] ==> obj [/usr/lib/gcc/aarch64-amazon-linux/11/crtbegin.o]
    arg [-L/usr/lib/gcc/aarch64-amazon-linux/11] ==> dir [/usr/lib/gcc/aarch64-amazon-linux/11]
    arg [-L/usr/lib/gcc/aarch64-amazon-linux/11/../../../../lib64] ==> dir [/usr/lib/gcc/aarch64-amazon-linux/11/../../../../lib64]
    arg [-L/lib/../lib64] ==> dir [/lib/../lib64]
    arg [-L/usr/lib/../lib64] ==> dir [/usr/lib/../lib64]
    arg [-L/usr/lib/gcc/aarch64-amazon-linux/11/../../..] ==> dir [/usr/lib/gcc/aarch64-amazon-linux/11/../../..]
    arg [CMakeFiles/cmTC_bc106.dir/CMakeCCompilerABI.c.o] ==> ignore
    arg [-lgcc] ==> lib [gcc]
    arg [--push-state] ==> ignore
    arg [--as-needed] ==> ignore
    arg [-lgcc_s] ==> lib [gcc_s]
    arg [--pop-state] ==> ignore
    arg [-lc] ==> lib [c]
    arg [-lgcc] ==> lib [gcc]
    arg [--push-state] ==> ignore
    arg [--as-needed] ==> ignore
    arg [-lgcc_s] ==> lib [gcc_s]
    arg [--pop-state] ==> ignore
    arg [/usr/lib/gcc/aarch64-amazon-linux/11/crtend.o] ==> obj [/usr/lib/gcc/aarch64-amazon-linux/11/crtend.o]
    arg [/usr/lib/gcc/aarch64-amazon-linux/11/../../../../lib64/crtn.o] ==> obj [/usr/lib/gcc/aarch64-amazon-linux/11/../../../../lib64/crtn.o]
  collapse obj [/usr/lib/gcc/aarch64-amazon-linux/11/../../../../lib64/crt1.o] ==> [/usr/lib64/crt1.o]
  collapse obj [/usr/lib/gcc/aarch64-amazon-linux/11/../../../../lib64/crti.o] ==> [/usr/lib64/crti.o]
  collapse obj [/usr/lib/gcc/aarch64-amazon-linux/11/../../../../lib64/crtn.o] ==> [/usr/lib64/crtn.o]
  collapse library dir [/usr/lib/gcc/aarch64-amazon-linux/11] ==> [/usr/lib/gcc/aarch64-amazon-linux/11]
  collapse library dir [/usr/lib/gcc/aarch64-amazon-linux/11/../../../../lib64] ==> [/usr/lib64]
  collapse library dir [/lib/../lib64] ==> [/lib64]
  collapse library dir [/usr/lib/../lib64] ==> [/usr/lib64]
  collapse library dir [/usr/lib/gcc/aarch64-amazon-linux/11/../../..] ==> [/usr/lib]
  implicit libs: [gcc;gcc_s;c;gcc;gcc_s]
  implicit objs: [/usr/lib64/crt1.o;/usr/lib64/crti.o;/usr/lib/gcc/aarch64-amazon-linux/11/crtbegin.o;/usr/lib/gcc/aarch64-amazon-linux/11/crtend.o;/usr/lib64/crtn.o]
  implicit dirs: [/usr/lib/gcc/aarch64-amazon-linux/11;/usr/lib64;/lib64;/usr/lib]
  implicit fwks: []


Performing C SOURCE FILE Test COMPILER_HAS_HIDDEN_VISIBILITY succeeded with the following output:
Change Dir: /home/ec2-user/shivansh/kaiju-harness/repos_staging/miniz/build/CMakeFiles/CMakeTmp

Run Build Command(s):/usr/bin/gmake -f Makefile cmTC_78500/fast && /usr/bin/gmake  -f CMakeFiles/cmTC_78500.dir/build.make CMakeFiles/cmTC_78500.dir/build
gmake[1]: Entering directory '/home/ec2-user/shivansh/kaiju-harness/repos_staging/miniz/build/CMakeFiles/CMakeTmp'
Building C object CMakeFiles/cmTC_78500.dir/src.c.o
/usr/bin/cc -DCOMPILER_HAS_HIDDEN_VISIBILITY  -Wshadow -Wformat=2 -Wall -Wno-overlength-strings -pedantic    -fvisibility=hidden -o CMakeFiles/cmTC_78500.dir/src.c.o -c /home/ec2-user/shivansh/kaiju-harness/repos_staging/miniz/build/CMakeFiles/CMakeTmp/src.c
Linking C executable cmTC_78500
/usr/bin/cmake -E cmake_link_script CMakeFiles/cmTC_78500.dir/link.txt --verbose=1
/usr/bin/cc  -Wshadow -Wformat=2 -Wall -Wno-overlength-strings -pedantic  CMakeFiles/cmTC_78500.dir/src.c.o -o cmTC_78500 
gmake[1]: Leaving directory '/home/ec2-user/shivansh/kaiju-harness/repos_staging/miniz/build/CMakeFiles/CMakeTmp'


Source file was:
int main(void) { return 0; }
Performing C SOURCE FILE Test COMPILER_HAS_DEPRECATED_ATTR succeeded with the following output:
Change Dir: /home/ec2-user/shivansh/kaiju-harness/repos_staging/miniz/build/CMakeFiles/CMakeTmp

Run Build Command(s):/usr/bin/gmake -f Makefile cmTC_3718a/fast && /usr/bin/gmake  -f CMakeFiles/cmTC_3718a.dir/build.make CMakeFiles/cmTC_3718a.dir/build
gmake[1]: Entering directory '/home/ec2-user/shivansh/kaiju-harness/repos_staging/miniz/build/CMakeFiles/CMakeTmp'
Building C object CMakeFiles/cmTC_3718a.dir/src.c.o
/usr/bin/cc -DCOMPILER_HAS_DEPRECATED_ATTR  -Wshadow -Wformat=2 -Wall -Wno-overlength-strings -pedantic  -o CMakeFiles/cmTC_3718a.dir/src.c.o -c /home/ec2-user/shivansh/kaiju-harness/repos_staging/miniz/build/CMakeFiles/CMakeTmp/src.c
/home/ec2-user/shivansh/kaiju-harness/repos_staging/miniz/build/CMakeFiles/CMakeTmp/src.c: In function ‘main’:
/home/ec2-user/shivansh/kaiju-harness/repos_staging/miniz/build/CMakeFiles/CMakeTmp/src.c:2:5: warning: ‘somefunc’ is deprecated [-Wdeprecated-declarations]
    2 |     int main() { return somefunc();}
      |     ^~~
/home/ec2-user/shivansh/kaiju-harness/repos_staging/miniz/build/CMakeFiles/CMakeTmp/src.c:1:37: note: declared here
    1 | __attribute__((__deprecated__)) int somefunc() { return 0; }
      |                                     ^~~~~~~~
Linking C executable cmTC_3718a
/usr/bin/cmake -E cmake_link_script CMakeFiles/cmTC_3718a.dir/link.txt --verbose=1
/usr/bin/cc  -Wshadow -Wformat=2 -Wall -Wno-overlength-strings -pedantic  CMakeFiles/cmTC_3718a.dir/src.c.o -o cmTC_3718a 
gmake[1]: Leaving directory '/home/ec2-user/shivansh/kaiju-harness/repos_staging/miniz/build/CMakeFiles/CMakeTmp'


Source file was:
__attribute__((__deprecated__)) int somefunc() { return 0; }
    int main() { return somefunc();}
Compiling the CXX compiler identification source file "CMakeCXXCompilerId.cpp" succeeded.
Compiler: /usr/bin/c++ 
Build flags: 
Id flags:  

The output was:
0


Compilation of the CXX compiler identification source "CMakeCXXCompilerId.cpp" produced "a.out"

The CXX compiler identification is GNU, found in "/home/ec2-user/shivansh/kaiju-harness/repos_staging/miniz/build/CMakeFiles/3.22.2/CompilerIdCXX/a.out"

Detecting CXX compiler ABI info compiled with the following output:
Change Dir: /home/ec2-user/shivansh/kaiju-harness/repos_staging/miniz/build/CMakeFiles/CMakeTmp

Run Build Command(s):/usr/bin/gmake -f Makefile cmTC_80dc0/fast && /usr/bin/gmake  -f CMakeFiles/cmTC_80dc0.dir/build.make CMakeFiles/cmTC_80dc0.dir/build
gmake[1]: Entering directory '/home/ec2-user/shivansh/kaiju-harness/repos_staging/miniz/build/CMakeFiles/CMakeTmp'
Building CXX object CMakeFiles/cmTC_80dc0.dir/CMakeCXXCompilerABI.cpp.o
/usr/bin/c++   -v -o CMakeFiles/cmTC_80dc0.dir/CMakeCXXCompilerABI.cpp.o -c /usr/share/cmake/Modules/CMakeCXXCompilerABI.cpp
Using built-in specs.
COLLECT_GCC=/usr/bin/c++
Target: aarch64-amazon-linux
Configured with: ../configure --enable-bootstrap --enable-host-pie --enable-host-bind-now --enable-languages=c,c++,fortran,lto --prefix=/usr --mandir=/usr/share/man --infodir=/usr/share/info --with-bugurl=https://github.com/amazonlinux/amazon-linux-2022 --enable-shared --enable-threads=posix --enable-checking=release --with-system-zlib --enable-__cxa_atexit --disable-libunwind-exceptions --enable-gnu-unique-object --enable-linker-build-id --with-gcc-major-version-only --enable-plugin --enable-initfini-array --with-isl=/builddir/build/BUILD/gcc-11.5.0-20240719/obj-aarch64-amazon-linux/isl-install --enable-multilib --with-linker-hash-style=gnu --enable-gnu-indirect-function --with-tune=neoverse-n1 --with-arch=armv8.2-a+crypto --build=aarch64-amazon-linux --with-build-config=bootstrap-lto --enable-link-serialization=1
Thread model: posix
Supported LTO compression algorithms: zlib zstd
gcc version 11.5.0 20240719 (Red Hat 11.5.0-5) (GCC) 
COLLECT_GCC_OPTIONS='-v' '-o' 'CMakeFiles/cmTC_80dc0.dir/CMakeCXXCompilerABI.cpp.o' '-c' '-shared-libgcc' '-march=armv8.2-a+crypto' '-mtune=neoverse-n1' '-mlittle-endian' '-mabi=lp64' '-dumpdir' 'CMakeFiles/cmTC_80dc0.dir/'
 /usr/libexec/gcc/aarch64-amazon-linux/11/cc1plus -quiet -v -D_GNU_SOURCE /usr/share/cmake/Modules/CMakeCXXCompilerABI.cpp -quiet -dumpdir CMakeFiles/cmTC_80dc0.dir/ -dumpbase CMakeCXXCompilerABI.cpp.cpp -dumpbase-ext .cpp -march=armv8.2-a+crypto -mtune=neoverse-n1 -mlittle-endian -mabi=lp64 -version -o /tmp/ccrieEhJ.s
GNU C++17 (GCC) version 11.5.0 20240719 (Red Hat 11.5.0-5) (aarch64-amazon-linux)
	compiled by GNU C version 11.5.0 20240719 (Red Hat 11.5.0-5), GMP version 6.2.1, MPFR version 4.1.0-p13, MPC version 1.2.1, isl version isl-0.18-GMP

GGC heuristics: --param ggc-min-expand=100 --param ggc-min-heapsize=131072
ignoring nonexistent directory "/usr/lib/gcc/aarch64-amazon-linux/11/include-fixed"
ignoring nonexistent directory "/usr/lib/gcc/aarch64-amazon-linux/11/../../../../aarch64-amazon-linux/include"
#include "..." search starts here:
#include <...> search starts here:
 /usr/lib/gcc/aarch64-amazon-linux/11/../../../../include/c++/11
 /usr/lib/gcc/aarch64-amazon-linux/11/../../../../include/c++/11/aarch64-amazon-linux
 /usr/lib/gcc/aarch64-amazon-linux/11/../../../../include/c++/11/backward
 /usr/lib/gcc/aarch64-amazon-linux/11/include
 /usr/local/include
 /usr/include
End of search list.
GNU C++17 (GCC) version 11.5.0 20240719 (Red Hat 11.5.0-5) (aarch64-amazon-linux)
	compiled by GNU C version 11.5.0 20240719 (Red Hat 11.5.0-5), GMP version 6.2.1, MPFR version 4.1.0-p13, MPC version 1.2.1, isl version isl-0.18-GMP

GGC heuristics: --param ggc-min-expand=100 --param ggc-min-heapsize=131072
Compiler executable checksum: ce44e5f4748dfa2f585ed8e2e140c116
COLLECT_GCC_OPTIONS='-v' '-o' 'CMakeFiles/cmTC_80dc0.dir/CMakeCXXCompilerABI.cpp.o' '-c' '-shared-libgcc' '-march=armv8.2-a+crypto' '-mtune=neoverse-n1' '-mlittle-endian' '-mabi=lp64' '-dumpdir' 'CMakeFiles/cmTC_80dc0.dir/'
 as -v -EL -march=armv8.2-a+crypto -mabi=lp64 -o CMakeFiles/cmTC_80dc0.dir/CMakeCXXCompilerABI.cpp.o /tmp/ccrieEhJ.s
GNU assembler version 2.41 (aarch64-amazon-linux) using BFD version version 2.41-50.amzn2023.0.5
COMPILER_PATH=/usr/libexec/gcc/aarch64-amazon-linux/11/:/usr/libexec/gcc/aarch64-amazon-linux/11/:/usr/libexec/gcc/aarch64-amazon-linux/:/usr/lib/gcc/aarch64-amazon-linux/11/:/usr/lib/gcc/aarch64-amazon-linux/
LIBRARY_PATH=/usr/lib/gcc/aarch64-amazon-linux/11/:/usr/lib/gcc/aarch64-amazon-linux/11/../../../../lib64/:/lib/../lib64/:/usr/lib/../lib64/:/usr/lib/gcc/aarch64-amazon-linux/11/../../../:/lib/:/usr/lib/
COLLECT_GCC_OPTIONS='-v' '-o' 'CMakeFiles/cmTC_80dc0.dir/CMakeCXXCompilerABI.cpp.o' '-c' '-shared-libgcc' '-march=armv8.2-a+crypto' '-mtune=neoverse-n1' '-mlittle-endian' '-mabi=lp64' '-dumpdir' 'CMakeFiles/cmTC_80dc0.dir/CMakeCXXCompilerABI.cpp.'
Linking CXX executable cmTC_80dc0
/usr/bin/cmake -E cmake_link_script CMakeFiles/cmTC_80dc0.dir/link.txt --verbose=1
/usr/bin/c++  -v CMakeFiles/cmTC_80dc0.dir/CMakeCXXCompilerABI.cpp.o -o cmTC_80dc0 
Using built-in specs.
COLLECT_GCC=/usr/bin/c++
COLLECT_LTO_WRAPPER=/usr/libexec/gcc/aarch64-amazon-linux/11/lto-wrapper
Target: aarch64-amazon-linux
Configured with: ../configure --enable-bootstrap --enable-host-pie --enable-host-bind-now --enable-languages=c,c++,fortran,lto --prefix=/usr --mandir=/usr/share/man --infodir=/usr/share/info --with-bugurl=https://github.com/amazonlinux/amazon-linux-2022 --enable-shared --enable-threads=posix --enable-checking=release --with-system-zlib --enable-__cxa_atexit --disable-libunwind-exceptions --enable-gnu-unique-object --enable-linker-build-id --with-gcc-major-version-only --enable-plugin --enable-initfini-array --with-isl=/builddir/build/BUILD/gcc-11.5.0-20240719/obj-aarch64-amazon-linux/isl-install --enable-multilib --with-linker-hash-style=gnu --enable-gnu-indirect-function --with-tune=neoverse-n1 --with-arch=armv8.2-a+crypto --build=aarch64-amazon-linux --with-build-config=bootstrap-lto --enable-link-serialization=1
Thread model: posix
Supported LTO compression algorithms: zlib zstd
gcc version 11.5.0 20240719 (Red Hat 11.5.0-5) (GCC) 
COMPILER_PATH=/usr/libexec/gcc/aarch64-amazon-linux/11/:/usr/libexec/gcc/aarch64-amazon-linux/11/:/usr/libexec/gcc/aarch64-amazon-linux/:/usr/lib/gcc/aarch64-amazon-linux/11/:/usr/lib/gcc/aarch64-amazon-linux/
LIBRARY_PATH=/usr/lib/gcc/aarch64-amazon-linux/11/:/usr/lib/gcc/aarch64-amazon-linux/11/../../../../lib64/:/lib/../lib64/:/usr/lib/../lib64/:/usr/lib/gcc/aarch64-amazon-linux/11/../../../:/lib/:/usr/lib/
COLLECT_GCC_OPTIONS='-v' '-o' 'cmTC_80dc0' '-shared-libgcc' '-march=armv8.2-a+crypto' '-mtune=neoverse-n1' '-mlittle-endian' '-mabi=lp64' '-dumpdir' 'cmTC_80dc0.'
 /usr/libexec/gcc/aarch64-amazon-linux/11/collect2 -plugin /usr/libexec/gcc/aarch64-amazon-linux/11/liblto_plugin.so -plugin-opt=/usr/libexec/gcc/aarch64-amazon-linux/11/lto-wrapper -plugin-opt=-fresolution=/tmp/cchQS8cv.res -plugin-opt=-pass-through=-lgcc_s -plugin-opt=-pass-through=-lgcc -plugin-opt=-pass-through=-lc -plugin-opt=-pass-through=-lgcc_s -plugin-opt=-pass-through=-lgcc --build-id --no-add-needed --eh-frame-hdr --hash-style=gnu -dynamic-linker /lib/ld-linux-aarch64.so.1 -X -EL -maarch64linux -o cmTC_80dc0 /usr/lib/gcc/aarch64-amazon-linux/11/../../../../lib64/crt1.o /usr/lib/gcc/aarch64-amazon-linux/11/../../../../lib64/crti.o /usr/lib/gcc/aarch64-amazon-linux/11/crtbegin.o -L/usr/lib/gcc/aarch64-amazon-linux/11 -L/usr/lib/gcc/aarch64-amazon-linux/11/../../../../lib64 -L/lib/../lib64 -L/usr/lib/../lib64 -L/usr/lib/gcc/aarch64-amazon-linux/11/../../.. CMakeFiles/cmTC_80dc0.dir/CMakeCXXCompilerABI.cpp.o -lstdc++ -lm -lgcc_s -lgcc -lc -lgcc_s -lgcc /usr/lib/gcc/aarch64-amazon-linux/11/crtend.o /usr/lib/gcc/aarch64-amazon-linux/11/../../../../lib64/crtn.o
COLLECT_GCC_OPTIONS='-v' '-o' 'cmTC_80dc0' '-shared-libgcc' '-march=armv8.2-a+crypto' '-mtune=neoverse-n1' '-mlittle-endian' '-mabi=lp64' '-dumpdir' 'cmTC_80dc0.'
gmake[1]: Leaving directory '/home/ec2-user/shivansh/kaiju-harness/repos_staging/miniz/build/CMakeFiles/CMakeTmp'



Parsed CXX implicit include dir info from above output: rv=done
  found start of include info
  found start of implicit include info
    add: [/usr/lib/gcc/aarch64-amazon-linux/11/../../../../include/c++/11]
    add: [/usr/lib/gcc/aarch64-amazon-linux/11/../../../../include/c++/11/aarch64-amazon-linux]
    add: [/usr/lib/gcc/aarch64-amazon-linux/11/../../../../include/c++/11/backward]
    add: [/usr/lib/gcc/aarch64-amazon-linux/11/include]
    add: [/usr/local/include]
    add: [/usr/include]
  end of search list found
  collapse include dir [/usr/lib/gcc/aarch64-amazon-linux/11/../../../../include/c++/11] ==> [/usr/include/c++/11]
  collapse include dir [/usr/lib/gcc/aarch64-amazon-linux/11/../../../../include/c++/11/aarch64-amazon-linux] ==> [/usr/include/c++/11/aarch64-amazon-linux]
  collapse include dir [/usr/lib/gcc/aarch64-amazon-linux/11/../../../../include/c++/11/backward] ==> [/usr/include/c++/11/backward]
  collapse include dir [/usr/lib/gcc/aarch64-amazon-linux/11/include] ==> [/usr/lib/gcc/aarch64-amazon-linux/11/include]
  collapse include dir [/usr/local/include] ==> [/usr/local/include]
  collapse include dir [/usr/include] ==> [/usr/include]
  implicit include dirs: [/usr/include/c++/11;/usr/include/c++/11/aarch64-amazon-linux;/usr/include/c++/11/backward;/usr/lib/gcc/aarch64-amazon-linux/11/include;/usr/local/include;/usr/include]


Parsed CXX implicit link information from above output:
  link line regex: [^( *|.*[/\])(ld|CMAKE_LINK_STARTFILE-NOTFOUND|([^/\]+-)?ld|collect2)[^/\]*( |$)]
  ignore line: [Change Dir: /home/ec2-user/shivansh/kaiju-harness/repos_staging/miniz/build/CMakeFiles/CMakeTmp]
  ignore line: []
  ignore line: [Run Build Command(s):/usr/bin/gmake -f Makefile cmTC_80dc0/fast && /usr/bin/gmake  -f CMakeFiles/cmTC_80dc0.dir/build.make CMakeFiles/cmTC_80dc0.dir/build]
  ignore line: [gmake[1]: Entering directory '/home/ec2-user/shivansh/kaiju-harness/repos_staging/miniz/build/CMakeFiles/CMakeTmp']
  ignore line: [Building CXX object CMakeFiles/cmTC_80dc0.dir/CMakeCXXCompilerABI.cpp.o]
  ignore line: [/usr/bin/c++   -v -o CMakeFiles/cmTC_80dc0.dir/CMakeCXXCompilerABI.cpp.o -c /usr/share/cmake/Modules/CMakeCXXCompilerABI.cpp]
  ignore line: [Using built-in specs.]
  ignore line: [COLLECT_GCC=/usr/bin/c++]
  ignore line: [Target: aarch64-amazon-linux]
  ignore line: [Configured with: ../configure --enable-bootstrap --enable-host-pie --enable-host-bind-now --enable-languages=c c++ fortran lto --prefix=/usr --mandir=/usr/share/man --infodir=/usr/share/info --with-bugurl=https://github.com/amazonlinux/amazon-linux-2022 --enable-shared --enable-threads=posix --enable-checking=release --with-system-zlib --enable-__cxa_atexit --disable-libunwind-exceptions --enable-gnu-unique-object --enable-linker-build-id --with-gcc-major-version-only --enable-plugin --enable-initfini-array --with-isl=/builddir/build/BUILD/gcc-11.5.0-20240719/obj-aarch64-amazon-linux/isl-install --enable-multilib --with-linker-hash-style=gnu --enable-gnu-indirect-function --with-tune=neoverse-n1 --with-arch=armv8.2-a+crypto --build=aarch64-amazon-linux --with-build-config=bootstrap-lto --enable-link-serialization=1]
  ignore line: [Thread model: posix]
  ignore line: [Supported LTO compression algorithms: zlib zstd]
  ignore line: [gcc version 11.5.0 20240719 (Red Hat 11.5.0-5) (GCC) ]
  ignore line: [COLLECT_GCC_OPTIONS='-v' '-o' 'CMakeFiles/cmTC_80dc0.dir/CMakeCXXCompilerABI.cpp.o' '-c' '-shared-libgcc' '-march=armv8.2-a+crypto' '-mtune=neoverse-n1' '-mlittle-endian' '-mabi=lp64' '-dumpdir' 'CMakeFiles/cmTC_80dc0.dir/']
  ignore line: [ /usr/libexec/gcc/aarch64-amazon-linux/11/cc1plus -quiet -v -D_GNU_SOURCE /usr/share/cmake/Modules/CMakeCXXCompilerABI.cpp -quiet -dumpdir CMakeFiles/cmTC_80dc0.dir/ -dumpbase CMakeCXXCompilerABI.cpp.cpp -dumpbase-ext .cpp -march=armv8.2-a+crypto -mtune=neoverse-n1 -mlittle-endian -mabi=lp64 -version -o /tmp/ccrieEhJ.s]
  ignore line: [GNU C++17 (GCC) version 11.5.0 20240719 (Red Hat 11.5.0-5) (aarch64-amazon-linux)]
  ignore line: [	compiled by GNU C version 11.5.0 20240719 (Red Hat 11.5.0-5)  GMP version 6.2.1  MPFR version 4.1.0-p13  MPC version 1.2.1  isl version isl-0.18-GMP]
  ignore line: []
  ignore line: [GGC heuristics: --param ggc-min-expand=100 --param ggc-min-heapsize=131072]
  ignore line: [ignoring nonexistent directory "/usr/lib/gcc/aarch64-amazon-linux/11/include-fixed"]
  ignore line: [ignoring nonexistent directory "/usr/lib/gcc/aarch64-amazon-linux/11/../../../../aarch64-amazon-linux/include"]
  ignore line: [#include "..." search starts here:]
  ignore line: [#include <...> search starts here:]
  ignore line: [ /usr/lib/gcc/aarch64-amazon-linux/11/../../../../include/c++/11]
  ignore line: [ /usr/lib/gcc/aarch64-amazon-linux/11/../../../../include/c++/11/aarch64-amazon-linux]
  ignore line: [ /usr/lib/gcc/aarch64-amazon-linux/11/../../../../include/c++/11/backward]
  ignore line: [ /usr/lib/gcc/aarch64-amazon-linux/11/include]
  ignore line: [ /usr/local/include]
  ignore line: [ /usr/include]
  ignore line: [End of search list.]
  ignore line: [GNU C++17 (GCC) version 11.5.0 20240719 (Red Hat 11.5.0-5) (aarch64-amazon-linux)]
  ignore line: [	compiled by GNU C version 11.5.0 20240719 (Red Hat 11.5.0-5)  GMP version 6.2.1  MPFR version 4.1.0-p13  MPC version 1.2.1  isl version isl-0.18-GMP]
  ignore line: []
  ignore line: [GGC heuristics: --param ggc-min-expand=100 --param ggc-min-heapsize=131072]
  ignore line: [Compiler executable checksum: ce44e5f4748dfa2f585ed8e2e140c116]
  ignore line: [COLLECT_GCC_OPTIONS='-v' '-o' 'CMakeFiles/cmTC_80dc0.dir/CMakeCXXCompilerABI.cpp.o' '-c' '-shared-libgcc' '-march=armv8.2-a+crypto' '-mtune=neoverse-n1' '-mlittle-endian' '-mabi=lp64' '-dumpdir' 'CMakeFiles/cmTC_80dc0.dir/']
  ignore line: [ as -v -EL -march=armv8.2-a+crypto -mabi=lp64 -o CMakeFiles/cmTC_80dc0.dir/CMakeCXXCompilerABI.cpp.o /tmp/ccrieEhJ.s]
  ignore line: [GNU assembler version 2.41 (aarch64-amazon-linux) using BFD version version 2.41-50.amzn2023.0.5]
  ignore line: [COMPILER_PATH=/usr/libexec/gcc/aarch64-amazon-linux/11/:/usr/libexec/gcc/aarch64-amazon-linux/11/:/usr/libexec/gcc/aarch64-amazon-linux/:/usr/lib/gcc/aarch64-amazon-linux/11/:/usr/lib/gcc/aarch64-amazon-linux/]
  ignore line: [LIBRARY_PATH=/usr/lib/gcc/aarch64-amazon-linux/11/:/usr/lib/gcc/aarch64-amazon-linux/11/../../../../lib64/:/lib/../lib64/:/usr/lib/../lib64/:/usr/lib/gcc/aarch64-amazon-linux/11/../../../:/lib/:/usr/lib/]
  ignore line: [COLLECT_GCC_OPTIONS='-v' '-o' 'CMakeFiles/cmTC_80dc0.dir/CMakeCXXCompilerABI.cpp.o' '-c' '-shared-libgcc' '-march=armv8.2-a+crypto' '-mtune=neoverse-n1' '-mlittle-endian' '-mabi=lp64' '-dumpdir' 'CMakeFiles/cmTC_80dc0.dir/CMakeCXXCompilerABI.cpp.']
  ignore line: [Linking CXX executable cmTC_80dc0]
  ignore line: [/usr/bin/cmake -E cmake_link_script CMakeFiles/cmTC_80dc0.dir/link.txt --verbose=1]
  ignore line: [/usr/bin/c++  -v CMakeFiles/cmTC_80dc0.dir/CMakeCXXCompilerABI.cpp.o -o cmTC_80dc0 ]
  ignore line: [Using built-in specs.]
  ignore line: [COLLECT_GCC=/usr/bin/c++]
  ignore line: [COLLECT_LTO_WRAPPER=/usr/libexec/gcc/aarch64-amazon-linux/11/lto-wrapper]
  ignore line: [Target: aarch64-amazon-linux]
  ignore line: [Configured with: ../configure --enable-bootstrap --enable-host-pie --enable-host-bind-now --enable-languages=c c++ fortran lto --prefix=/usr --mandir=/usr/share/man --infodir=/usr/share/info --with-bugurl=https://github.com/amazonlinux/amazon-linux-2022 --enable-shared --enable-threads=posix --enable-checking=release --with-system-zlib --enable-__cxa_atexit --disable-libunwind-exceptions --enable-gnu-unique-object --enable-linker-build-id --with-gcc-major-version-only --enable-plugin --enable-initfini-array --with-isl=/builddir/build/BUILD/gcc-11.5.0-20240719/obj-aarch64-amazon-linux/isl-install --enable-multilib --with-linker-hash-style=gnu --enable-gnu-indirect-function --with-tune=neoverse-n1 --with-arch=armv8.2-a+crypto --build=aarch64-amazon-linux --with-build-config=bootstrap-lto --enable-link-serialization=1]
  ignore line: [Thread model: posix]
  ignore line: [Supported LTO compression algorithms: zlib zstd]
  ignore line: [gcc version 11.5.0 20240719 (Red Hat 11.5.0-5) (GCC) ]
  ignore line: [COMPILER_PATH=/usr/libexec/gcc/aarch64-amazon-linux/11/:/usr/libexec/gcc/aarch64-amazon-linux/11/:/usr/libexec/gcc/aarch64-amazon-linux/:/usr/lib/gcc/aarch64-amazon-linux/11/:/usr/lib/gcc/aarch64-amazon-linux/]
  ignore line: [LIBRARY_PATH=/usr/lib/gcc/aarch64-amazon-linux/11/:/usr/lib/gcc/aarch64-amazon-linux/11/../../../../lib64/:/lib/../lib64/:/usr/lib/../lib64/:/usr/lib/gcc/aarch64-amazon-linux/11/../../../:/lib/:/usr/lib/]
  ignore line: [COLLECT_GCC_OPTIONS='-v' '-o' 'cmTC_80dc0' '-shared-libgcc' '-march=armv8.2-a+crypto' '-mtune=neoverse-n1' '-mlittle-endian' '-mabi=lp64' '-dumpdir' 'cmTC_80dc0.']
  link line: [ /usr/libexec/gcc/aarch64-amazon-linux/11/collect2 -plugin /usr/libexec/gcc/aarch64-amazon-linux/11/liblto_plugin.so -plugin-opt=/usr/libexec/gcc/aarch64-amazon-linux/11/lto-wrapper -plugin-opt=-fresolution=/tmp/cchQS8cv.res -plugin-opt=-pass-through=-lgcc_s -plugin-opt=-pass-through=-lgcc -plugin-opt=-pass-through=-lc -plugin-opt=-pass-through=-lgcc_s -plugin-opt=-pass-through=-lgcc --build-id --no-add-needed --eh-frame-hdr --hash-style=gnu -dynamic-linker /lib/ld-linux-aarch64.so.1 -X -EL -maarch64linux -o cmTC_80dc0 /usr/lib/gcc/aarch64-amazon-linux/11/../../../../lib64/crt1.o /usr/lib/gcc/aarch64-amazon-linux/11/../../../../lib64/crti.o /usr/lib/gcc/aarch64-amazon-linux/11/crtbegin.o -L/usr/lib/gcc/aarch64-amazon-linux/11 -L/usr/lib/gcc/aarch64-amazon-linux/11/../../../../lib64 -L/lib/../lib64 -L/usr/lib/../lib64 -L/usr/lib/gcc/aarch64-amazon-linux/11/../../.. CMakeFiles/cmTC_80dc0.dir/CMakeCXXCompilerABI.cpp.o -lstdc++ -lm -lgcc_s -lgcc -lc -lgcc_s -lgcc /usr/lib/gcc/aarch64-amazon-linux/11/crtend.o /usr/lib/gcc/aarch64-amazon-linux/11/../../../../lib64/crtn.o]
    arg [/usr/libexec/gcc/aarch64-amazon-linux/11/collect2] ==> ignore
    arg [-plugin] ==> ignore
    arg [/usr/libexec/gcc/aarch64-amazon-linux/11/liblto_plugin.so] ==> ignore
    arg [-plugin-opt=/usr/libexec/gcc/aarch64-amazon-linux/11/lto-wrapper] ==> ignore
    arg [-plugin-opt=-fresolution=/tmp/cchQS8cv.res] ==> ignore
    arg [-plugin-opt=-pass-through=-lgcc_s] ==> ignore
    arg [-plugin-opt=-pass-through=-lgcc] ==> ignore
    arg [-plugin-opt=-pass-through=-lc] ==> ignore
    arg [-plugin-opt=-pass-through=-lgcc_s] ==> ignore
    arg [-plugin-opt=-pass-through=-lgcc] ==> ignore
    arg [--build-id] ==> ignore
    arg [--no-add-needed] ==> ignore
    arg [--eh-frame-hdr] ==> ignore
    arg [--hash-style=gnu] ==> ignore
    arg [-dynamic-linker] ==> ignore
    arg [/lib/ld-linux-aarch64.so.1] ==> ignore
    arg [-X] ==> ignore
    arg [-EL] ==> ignore
    arg [-maarch64linux] ==> ignore
    arg [-o] ==> ignore
    arg [cmTC_80dc0] ==> ignore
    arg [/usr/lib/gcc/aarch64-amazon-linux/11/../../../../lib64/crt1.o] ==> obj [/usr/lib/gcc/aarch64-amazon-linux/11/../../../../lib64/crt1.o]
    arg [/usr/lib/gcc/aarch64-amazon-linux/11/../../../../lib64/crti.o] ==> obj [/usr/lib/gcc/aarch64-amazon-linux/11/../../../../lib64/crti.o]
    arg [/usr/lib/gcc/aarch64-amazon-linux/11/crtbegin.o] ==> obj [/usr/lib/gcc/aarch64-amazon-linux/11/crtbegin.o]
    arg [-L/usr/lib/gcc/aarch64-amazon-linux/11] ==> dir [/usr/lib/gcc/aarch64-amazon-linux/11]
    arg [-L/usr/lib/gcc/aarch64-amazon-linux/11/../../../../lib64] ==> dir [/usr/lib/gcc/aarch64-amazon-linux/11/../../../../lib64]
    arg [-L/lib/../lib64] ==> dir [/lib/../lib64]
    arg [-L/usr/lib/../lib64] ==> dir [/usr/lib/../lib64]
    arg [-L/usr/lib/gcc/aarch64-amazon-linux/11/../../..] ==> dir [/usr/lib/gcc/aarch64-amazon-linux/11/../../..]
    arg [CMakeFiles/cmTC_80dc0.dir/CMakeCXXCompilerABI.cpp.o] ==> ignore
    arg [-lstdc++] ==> lib [stdc++]
    arg [-lm] ==> lib [m]
    arg [-lgcc_s] ==> lib [gcc_s]
    arg [-lgcc] ==> lib [gcc]
    arg [-lc] ==> lib [c]
    arg [-lgcc_s] ==> lib [gcc_s]
    arg [-lgcc] ==> lib [gcc]
    arg [/usr/lib/gcc/aarch64-amazon-linux/11/crtend.o] ==> obj [/usr/lib/gcc/aarch64-amazon-linux/11/crtend.o]
    arg [/usr/lib/gcc/aarch64-amazon-linux/11/../../../../lib64/crtn.o] ==> obj [/usr/lib/gcc/aarch64-amazon-linux/11/../../../../lib64/crtn.o]
  collapse obj [/usr/lib/gcc/aarch64-amazon-linux/11/../../../../lib64/crt1.o] ==> [/usr/lib64/crt1.o]
  collapse obj [/usr/lib/gcc/aarch64-amazon-linux/11/../../../../lib64/crti.o] ==> [/usr/lib64/crti.o]
  collapse obj [/usr/lib/gcc/aarch64-amazon-linux/11/../../../../lib64/crtn.o] ==> [/usr/lib64/crtn.o]
  collapse library dir [/usr/lib/gcc/aarch64-amazon-linux/11] ==> [/usr/lib/gcc/aarch64-amazon-linux/11]
  collapse library dir [/usr/lib/gcc/aarch64-amazon-linux/11/../../../../lib64] ==> [/usr/lib64]
  collapse library dir [/lib/../lib64] ==> [/lib64]
  collapse library dir [/usr/lib/../lib64] ==> [/usr/lib64]
  collapse library dir [/usr/lib/gcc/aarch64-amazon-linux/11/../../..] ==> [/usr/lib]
  implicit libs: [stdc++;m;gcc_s;gcc;c;gcc_s;gcc]
  implicit objs: [/usr/lib64/crt1.o;/usr/lib64/crti.o;/usr/lib/gcc/aarch64-amazon-linux/11/crtbegin.o;/usr/lib/gcc/aarch64-amazon-linux/11/crtend.o;/usr/lib64/crtn.o]
  implicit dirs: [/usr/lib/gcc/aarch64-amazon-linux/11;/usr/lib64;/lib64;/usr/lib]
  implicit fwks: []


